from_root,from_second
root_second_value,second_to_second_override_value
